---
source: crates/tinymist-query/src/completion.rs
description: Completion on / (49..50)
expression: "JsonRepr::new_pure(results)"
input_file: crates/tinymist-query/src/fixtures/completion/func_module_json.typ
---
[
 {
  "isIncomplete": false,
  "items": [
   {
    "command": {
     "command": "tinymist.triggerSuggestAndParameterHints",
     "title": ""
    },
    "kind": 3,
    "label": "json",
    "labelDetails": {
     "description": "([json]) => any"
    },
    "sortText": "102",
    "textEdit": {
     "newText": "json(${1:})",
     "range": {
      "end": {
       "character": 3,
       "line": 2
      },
      "start": {
       "character": 1,
       "line": 2
      }
     }
    }
   }
  ]
 }
]
