---
source: crates/tinymist-query/src/completion.rs
description: Completion on ) (63..64)
expression: "JsonRepr::new_pure(results)"
input_file: crates/tinymist-query/src/fixtures/completion/sig_dict.typ
---
[
 {
  "isIncomplete": false,
  "items": [
   {
    "command": {
     "command": "tinymist.triggerSuggestAndParameterHints",
     "title": ""
    },
    "kind": 5,
    "label": "cap",
    "labelDetails": {
     "description": "\"butt\" | \"round\" | \"square\""
    },
    "sortText": "000",
    "textEdit": {
     "newText": "cap: ${1:}",
     "range": {
      "end": {
       "character": 38,
       "line": 2
      },
      "start": {
       "character": 38,
       "line": 2
      }
     }
    }
   },
   {
    "command": {
     "command": "tinymist.triggerSuggestAndParameterHints",
     "title": ""
    },
    "kind": 5,
    "label": "paint",
    "labelDetails": {
     "description": "color"
    },
    "sortText": "004",
    "textEdit": {
     "newText": "paint: ${1:}",
     "range": {
      "end": {
       "character": 38,
       "line": 2
      },
      "start": {
       "character": 38,
       "line": 2
      }
     }
    }
   }
  ]
 }
]
