---
source: crates/tinymist-query/src/completion.rs
description: "Completion on \" (11..12)"
expression: "JsonRepr::new_pure(results)"
input_file: crates/tinymist-query/src/fixtures/completion/import_rel_path_middle.typ
snapshot_kind: text
---
[
 {
  "isIncomplete": false,
  "items": [
   {
    "kind": 17,
    "label": "base.typ",
    "sortText": "0",
    "textEdit": {
     "newText": "base.typ",
     "range": {
      "end": {
       "character": 11,
       "line": 0
      },
      "start": {
       "character": 9,
       "line": 0
      }
     }
    }
   }
  ]
 }
]
