---
source: crates/tinymist-query/src/completion.rs
description: Completion on / (354..355)
expression: "JsonRepr::new_pure(results)"
input_file: crates/tinymist-query/src/fixtures/completion/func_with_args.typ
---
[
 {
  "isIncomplete": false,
  "items": [
   {
    "kind": 5,
    "label": "authors",
    "sortText": "000",
    "textEdit": {
     "newText": "authors: ${1:}",
     "range": {
      "end": {
       "character": 11,
       "line": 16
      },
      "start": {
       "character": 11,
       "line": 16
      }
     }
    }
   },
   {
    "kind": 5,
    "label": "class",
    "sortText": "001",
    "textEdit": {
     "newText": "class: ${1:}",
     "range": {
      "end": {
       "character": 11,
       "line": 16
      },
      "start": {
       "character": 11,
       "line": 16
      }
     }
    }
   },
   {
    "kind": 5,
    "label": "font",
    "sortText": "002",
    "textEdit": {
     "newText": "font: ${1:}",
     "range": {
      "end": {
       "character": 11,
       "line": 16
      },
      "start": {
       "character": 11,
       "line": 16
      }
     }
    }
   },
   {
    "kind": 7,
    "label": "content",
    "labelDetails": {
     "description": "type"
    },
    "sortText": "052",
    "textEdit": {
     "newText": "content",
     "range": {
      "end": {
       "character": 11,
       "line": 16
      },
      "start": {
       "character": 11,
       "line": 16
      }
     }
    }
   }
  ]
 }
]
