---
source: crates/tinymist-query/src/completion.rs
description: "Completion on \" (77..78)"
expression: "JsonRepr::new_pure(results)"
input_file: crates/tinymist-query/src/fixtures/completion/path_positions.typ
---
[
 {
  "isIncomplete": false,
  "items": [
   {
    "kind": 19,
    "label": "assets/",
    "sortText": "000",
    "textEdit": {
     "newText": "assets/",
     "range": {
      "end": {
       "character": 7,
       "line": 1
      },
      "start": {
       "character": 7,
       "line": 1
      }
     }
    }
   },
   {
    "kind": 19,
    "label": "chapters/",
    "sortText": "001",
    "textEdit": {
     "newText": "chapters/",
     "range": {
      "end": {
       "character": 7,
       "line": 1
      },
      "start": {
       "character": 7,
       "line": 1
      }
     }
    }
   },
   {
    "kind": 17,
    "label": "assets/logo.png",
    "sortText": "002",
    "textEdit": {
     "newText": "assets/logo.png",
     "range": {
      "end": {
       "character": 7,
       "line": 1
      },
      "start": {
       "character": 7,
       "line": 1
      }
     }
    }
   },
   {
    "kind": 17,
    "label": "chapters/intro.typ",
    "sortText": "003",
    "textEdit": {
     "newText": "chapters/intro.typ",
     "range": {
      "end": {
       "character": 7,
       "line": 1
      },
      "start": {
       "character": 7,
       "line": 1
      }
     }
    }
   }
  ]
 }
]
