---
source: crates/tinymist-query/src/completion.rs
description: Completion on @R (132..134)
expression: "JsonRepr::new_pure(results)"
input_file: crates/tinymist-query/src/fixtures/completion/completion_title.typ
---
[
 {
  "isIncomplete": false,
  "items": []
 },
 {
  "isIncomplete": false,
  "items": [
   {
    "kind": 21,
    "label": "Mathematical logic based on the theory of types",
    "labelDetails": {
     "description": "Russell:1908"
    },
    "textEdit": {
     "newText": "Russell:1908",
     "range": {
      "end": {
       "character": 1,
       "line": 5
      },
      "start": {
       "character": 1,
       "line": 5
      }
     }
    }
   },
   {
    "kind": 18,
    "label": "Russell:1908",
    "labelDetails": {
     "description": "Mathematical logic based on the theory of types"
    },
    "textEdit": {
     "newText": "Russell:1908",
     "range": {
      "end": {
       "character": 1,
       "line": 5
      },
      "start": {
       "character": 1,
       "line": 5
      }
     }
    }
   }
  ]
 }
]
