---
source: crates/tinymist-query/src/completion.rs
assertion_line: 196
description: "Completion on \" (31..32)"
expression: "JsonRepr::new_pure(results)"
input_file: crates/tinymist-query/src/fixtures/completion/include_let_path.typ
---
[
 {
  "isIncomplete": false,
  "items": [
   {
    "kind": 17,
    "label": "a.typ",
    "sortText": "000",
    "textEdit": {
     "newText": "a.typ",
     "range": {
      "end": {
       "character": 10,
       "line": 1
      },
      "start": {
       "character": 10,
       "line": 1
      }
     }
    }
   }
  ]
 }
]
