---
source: crates/tinymist-query/src/completion.rs
description: Completion on t (63..64)
expression: "JsonRepr::new_pure(results)"
input_file: crates/tinymist-query/src/fixtures/completion/bracket_strong.typ
snapshot_kind: text
---
[
 {
  "isIncomplete": false,
  "items": [
   {
    "kind": 3,
    "label": "strong",
    "labelDetails": {
     "description": "(content, delta: int) => strong"
    },
    "sortText": "180",
    "textEdit": {
     "newText": "strong(${1:})",
     "range": {
      "end": {
       "character": 26,
       "line": 2
      },
      "start": {
       "character": 24,
       "line": 2
      }
     }
    }
   },
   {
    "kind": 3,
    "label": "strong.bracket",
    "labelDetails": {
     "description": "(content, delta: int) => strong"
    },
    "sortText": "181",
    "textEdit": {
     "newText": "strong[${1:}]",
     "range": {
      "end": {
       "character": 26,
       "line": 2
      },
      "start": {
       "character": 24,
       "line": 2
      }
     }
    }
   }
  ]
 }
]
