---
source: crates/tinymist-query/src/completion.rs
description: Completion on t (100..101)
expression: "JsonRepr::new_pure(results)"
input_file: crates/tinymist-query/src/fixtures/completion/complete_purely_label.typ
---
[
 {
  "isIncomplete": false,
  "items": [
   {
    "kind": 18,
    "label": "test",
    "labelDetails": {
     "description": "H2"
    },
    "sortText": "001",
    "textEdit": {
     "newText": "test>",
     "range": {
      "end": {
       "character": 2,
       "line": 11
      },
      "start": {
       "character": 2,
       "line": 11
      }
     }
    }
   }
  ]
 }
]
