---
source: crates/tinymist-query/src/completion.rs
description: Completion on . (95..96)
expression: "JsonRepr::new_pure(results)"
input_file: crates/tinymist-query/src/fixtures/completion/func_pos_arg_field_call.typ
snapshot_kind: text
---
[
 {
  "isIncomplete": false,
  "items": [
   {
    "kind": 6,
    "label": "text",
    "labelDetails": {
     "description": "any"
    },
    "textEdit": {
     "newText": "text",
     "range": {
      "end": {
       "character": 69,
       "line": 2
      },
      "start": {
       "character": 69,
       "line": 2
      }
     }
    }
   }
  ]
 }
]
