---
source: crates/tinymist-query/src/completion.rs
assertion_line: 196
description: "Completion on \" (57..58)"
expression: "JsonRepr::new_pure(results)"
input_file: crates/tinymist-query/src/fixtures/completion/font_dict_field.typ
---
[
 {
  "isIncomplete": false,
  "items": [
   {
    "kind": 6,
    "label": "\"New Computer Modern\"",
    "sortText": "003",
    "textEdit": {
     "newText": "New Computer Modern",
     "range": {
      "end": {
       "character": 20,
       "line": 2
      },
      "start": {
       "character": 20,
       "line": 2
      }
     }
    }
   }
  ]
 }
]
