---
source: crates/tinymist-query/src/completion.rs
description: Completion on / (49..50)
expression: "JsonRepr::new_pure(results)"
input_file: crates/tinymist-query/src/fixtures/completion/import_item_immediately_comma.typ
snapshot_kind: text
---
[
 {
  "isIncomplete": false,
  "items": [
   {
    "kind": 3,
    "label": "bcd",
    "textEdit": {
     "newText": " bcd",
     "range": {
      "end": {
       "character": 23,
       "line": 1
      },
      "start": {
       "character": 23,
       "line": 1
      }
     }
    }
   }
  ]
 }
]
