---
source: crates/tinymist-query/src/completion.rs
description: Completion on ( (70..71)
expression: "JsonRepr::new_pure(results)"
input_file: crates/tinymist-query/src/fixtures/completion/builtin_shadow_existing.typ
---
[
 {
  "isIncomplete": false,
  "items": [
   {
    "kind": 3,
    "label": "pagebreak",
    "labelDetails": {
     "description": "(fill-rest: false) => none"
    },
    "sortText": "129",
    "textEdit": {
     "newText": "pagebreak()${1:}",
     "range": {
      "end": {
       "character": 5,
       "line": 4
      },
      "start": {
       "character": 1,
       "line": 4
      }
     }
    }
   }
  ]
 }
]
