---
source: crates/tinymist-query/src/completion.rs
description: Completion on ) (27..28)
expression: "JsonRepr::new_pure(results)"
input_file: crates/tinymist-query/src/fixtures/completion/type_dir.typ
---
[
 {
  "isIncomplete": false,
  "items": [
   {
    "kind": 6,
    "label": "start",
    "labelDetails": {
     "description": "alignment"
    },
    "sortText": "183",
    "textEdit": {
     "newText": "start",
     "range": {
      "end": {
       "character": 7,
       "line": 1
      },
      "start": {
       "character": 7,
       "line": 1
      }
     }
    }
   }
  ]
 }
]
