---
source: crates/tinymist-query/src/on_enter.rs
description: On Enter on irst part ||and second
expression: "JsonRepr::new_redacted(result, &REDACT_LOC)"
input_file: crates/tinymist-query/src/fixtures/on_enter/list_mid_content.typ
---
[
 {
  "newText": "\n  - $0and second part",
  "range": "2:15:2:30"
 }
]
