>#let f(..args) = f
#^ source.typst punctuation.definition.hash.typst
# ^^^ source.typst meta.expr.let.typst storage.type.typst
#    ^ source.typst meta.expr.let.typst
#     ^ source.typst meta.expr.let.typst entity.name.function.typst
#      ^ source.typst meta.expr.let.typst meta.brace.round.typst
#       ^^ source.typst meta.expr.let.typst keyword.operator.range.typst
#         ^^^^ source.typst meta.expr.let.typst variable.other.readwrite.typst
#             ^ source.typst meta.expr.let.typst meta.brace.round.typst
#              ^ source.typst meta.expr.let.typst
#               ^ source.typst keyword.operator.assignment.typst
#                ^ source.typst
#                 ^ source.typst variable.other.readwrite.typst
>#let g = (f: f)
#^ source.typst punctuation.definition.hash.typst
# ^^^ source.typst meta.expr.let.typst storage.type.typst
#    ^ source.typst meta.expr.let.typst
#     ^ source.typst meta.expr.let.typst variable.other.readwrite.typst
#      ^ source.typst meta.expr.let.typst
#       ^ source.typst keyword.operator.assignment.typst
#        ^ source.typst
#         ^ source.typst meta.brace.round.typst
#          ^ source.typst variable.other.readwrite.typst
#           ^ source.typst punctuation.separator.colon.typst
#            ^ source.typst
#             ^ source.typst variable.other.readwrite.typst
#              ^ source.typst meta.brace.round.typst
>#g.insert("g", g)
#^ source.typst punctuation.definition.hash.typst
# ^ source.typst variable.other.readwrite.typst
#  ^ source.typst keyword.operator.accessor.typst
#   ^^^^^^ source.typst entity.name.function.typst
#         ^ source.typst meta.brace.round.typst
#          ^ source.typst string.quoted.double.typst punctuation.definition.string.typst
#           ^ source.typst string.quoted.double.typst
#            ^ source.typst string.quoted.double.typst punctuation.definition.string.typst
#             ^ source.typst punctuation.separator.comma.typst
#              ^ source.typst
#               ^ source.typst variable.other.readwrite.typst
#                ^ source.typst meta.brace.round.typst
>
>#f()
#^ source.typst punctuation.definition.hash.typst
# ^ source.typst entity.name.function.typst
#  ^ source.typst meta.brace.round.typst
#   ^ source.typst meta.brace.round.typst
>#f() []
#^ source.typst punctuation.definition.hash.typst
# ^ source.typst entity.name.function.typst
#  ^ source.typst meta.brace.round.typst
#   ^ source.typst meta.brace.round.typst
#    ^^^^ source.typst
>#f() ()
#^ source.typst punctuation.definition.hash.typst
# ^ source.typst entity.name.function.typst
#  ^ source.typst meta.brace.round.typst
#   ^ source.typst meta.brace.round.typst
#    ^^^^ source.typst
>#f ()
#^ source.typst punctuation.definition.hash.typst
# ^ source.typst variable.other.readwrite.typst
#  ^^^^ source.typst
>#f []
#^ source.typst punctuation.definition.hash.typst
# ^ source.typst variable.other.readwrite.typst
#  ^^^^ source.typst
>#f[] []
#^ source.typst punctuation.definition.hash.typst
# ^ source.typst variable.other.readwrite.typst
#  ^ source.typst meta.brace.square.typ
#   ^ source.typst meta.brace.square.typst
#    ^^^^ source.typst
>
>#(f())()
#^ source.typst punctuation.definition.hash.typst
# ^ source.typst meta.brace.round.typst
#  ^ source.typst entity.name.function.typst
#   ^ source.typst meta.brace.round.typst
#    ^ source.typst meta.brace.round.typst
#     ^ source.typst meta.brace.round.typst
#      ^^ source.typst meta.array.empty.typst
>#( f())()
#^ source.typst punctuation.definition.hash.typst
# ^ source.typst meta.brace.round.typst
#  ^ source.typst
#   ^ source.typst entity.name.function.typst
#    ^ source.typst meta.brace.round.typst
#     ^ source.typst meta.brace.round.typst
#      ^ source.typst meta.brace.round.typst
#       ^^ source.typst meta.array.empty.typst
>#(f() )()
#^ source.typst punctuation.definition.hash.typst
# ^ source.typst meta.brace.round.typst
#  ^ source.typst entity.name.function.typst
#   ^ source.typst meta.brace.round.typst
#    ^ source.typst meta.brace.round.typst
#     ^ source.typst
#      ^ source.typst meta.brace.round.typst
#       ^^ source.typst meta.array.empty.typst
>
>#((f())(f()))
#^ source.typst punctuation.definition.hash.typst
# ^ source.typst meta.brace.round.typst
#  ^ source.typst meta.brace.round.typst
#   ^ source.typst entity.name.function.typst
#    ^ source.typst meta.brace.round.typst
#     ^ source.typst meta.brace.round.typst
#      ^ source.typst meta.brace.round.typst
#       ^ source.typst meta.brace.round.typst
#        ^ source.typst entity.name.function.typst
#         ^ source.typst meta.brace.round.typst
#          ^ source.typst meta.brace.round.typst
#           ^ source.typst meta.brace.round.typst
#            ^ source.typst meta.brace.round.typst
>#f()()
#^ source.typst punctuation.definition.hash.typst
# ^ source.typst entity.name.function.typst
#  ^ source.typst meta.brace.round.typst
#   ^ source.typst meta.brace.round.typst
#    ^^ source.typst meta.array.empty.typst
>#f(f)(f, f)
#^ source.typst punctuation.definition.hash.typst
# ^ source.typst entity.name.function.typst
#  ^ source.typst meta.brace.round.typst
#   ^ source.typst variable.other.readwrite.typst
#    ^ source.typst meta.brace.round.typst
#     ^ source.typst meta.brace.round.typst
#      ^ source.typst variable.other.readwrite.typst
#       ^ source.typst punctuation.separator.comma.typst
#        ^ source.typst
#         ^ source.typst variable.other.readwrite.typst
#          ^ source.typst meta.brace.round.typst
>#(g.g.f)()
#^ source.typst punctuation.definition.hash.typst
# ^ source.typst meta.brace.round.typst
#  ^ source.typst variable.other.readwrite.typst
#   ^ source.typst keyword.operator.accessor.typst
#    ^ source.typst variable.other.readwrite.typst
#     ^ source.typst keyword.operator.accessor.typst
#      ^ source.typst variable.other.readwrite.typst
#       ^ source.typst meta.brace.round.typst
#        ^^ source.typst meta.array.empty.typst
>
>#list.item[]
#^ source.typst punctuation.definition.hash.typst
# ^^^^ source.typst variable.other.readwrite.typst
#     ^ source.typst keyword.operator.accessor.typst
#      ^^^^ source.typst variable.other.readwrite.typst
#          ^ source.typst meta.brace.square.typ
#           ^ source.typst meta.brace.square.typst
>#list[]
#^ source.typst punctuation.definition.hash.typst
# ^^^^ source.typst variable.other.readwrite.typst
#     ^ source.typst meta.brace.square.typ
#      ^ source.typst meta.brace.square.typst
>
>#{ f }()
#^ source.typst punctuation.definition.hash.typst
# ^ source.typst meta.brace.curly.typst
#  ^ source.typst
#   ^ source.typst variable.other.readwrite.typst
#    ^ source.typst
#     ^ source.typst meta.brace.curly.typst
#      ^^ source.typst meta.array.empty.typst
>#({ f })()
#^ source.typst punctuation.definition.hash.typst
# ^ source.typst meta.brace.round.typst
#  ^ source.typst meta.brace.curly.typst
#   ^ source.typst
#    ^ source.typst variable.other.readwrite.typst
#     ^ source.typst
#      ^ source.typst meta.brace.curly.typst
#       ^ source.typst meta.brace.round.typst
#        ^^ source.typst meta.array.empty.typst
>#{ f } ()
#^ source.typst punctuation.definition.hash.typst
# ^ source.typst meta.brace.curly.typst
#  ^ source.typst
#   ^ source.typst variable.other.readwrite.typst
#    ^ source.typst
#     ^ source.typst meta.brace.curly.typst
#      ^^^^ source.typst
>#({ f }) ()
#^ source.typst punctuation.definition.hash.typst
# ^ source.typst meta.brace.round.typst
#  ^ source.typst meta.brace.curly.typst
#   ^ source.typst
#    ^ source.typst variable.other.readwrite.typst
#     ^ source.typst
#      ^ source.typst meta.brace.curly.typst
#       ^ source.typst meta.brace.round.typst
#        ^^^^ source.typst
>
>#(list./*g*/item[])
#^ source.typst punctuation.definition.hash.typst
# ^ source.typst meta.brace.round.typst
#  ^^^^ source.typst variable.other.readwrite.typst
#      ^ source.typst keyword.operator.accessor.typst
#       ^^ source.typst
#         ^ source.typst variable.other.readwrite.typst
#          ^^ source.typst
#            ^^^^ source.typst variable.other.readwrite.typst
#                ^ source.typst meta.brace.square.typ
#                 ^ source.typst meta.brace.square.typst
#                  ^ source.typst meta.brace.round.typst
>#(list./*g*/ item[])
#^ source.typst punctuation.definition.hash.typst
# ^ source.typst meta.brace.round.typst
#  ^^^^ source.typst variable.other.readwrite.typst
#      ^ source.typst keyword.operator.accessor.typst
#       ^^ source.typst
#         ^ source.typst variable.other.readwrite.typst
#          ^^^ source.typst
#             ^^^^ source.typst variable.other.readwrite.typst
#                 ^ source.typst meta.brace.square.typ
#                  ^ source.typst meta.brace.square.typst
#                   ^ source.typst meta.brace.round.typst
>#(f /*g*/ ())
#^ source.typst punctuation.definition.hash.typst
# ^ source.typst meta.brace.round.typst
#  ^ source.typst variable.other.readwrite.typst
#   ^^^ source.typst
#      ^ source.typst variable.other.readwrite.typst
#       ^^^ source.typst
#          ^^ source.typst meta.array.empty.typst
#            ^ source.typst meta.brace.round.typst
>