>#()
#^ source.typst punctuation.definition.hash.typst
# ^^ source.typst meta.array.empty.typst
>#( )
#^ source.typst punctuation.definition.hash.typst
# ^^^ source.typst meta.array.empty.typst
>#(:)
#^ source.typst punctuation.definition.hash.typst
# ^^^ source.typst meta.dictionary.empty.typst
>#( : )
#^ source.typst punctuation.definition.hash.typst
# ^^^^^ source.typst meta.dictionary.empty.typst