>#show list: it => "(" + it.children.map(v => v.body).join(", ") + ")"; ()
#^ source.typst keyword.control.hash.typst
# ^^^^ source.typst meta.expr.show.typst keyword.control.other.typst
#     ^ source.typst meta.expr.show.typst
#      ^^^^ source.typst meta.expr.show.typst variable.other.readwrite.typst
#          ^ source.typst meta.expr.show.typst punctuation.separator.colon.typst
#           ^ source.typst meta.expr.show.typst
#            ^^ source.typst meta.expr.show.typst variable.parameter.typst
#              ^ source.typst meta.expr.show.typst
#               ^^ source.typst meta.expr.show.typst storage.type.function.arrow.typst
#                 ^ source.typst meta.expr.show.typst
#                  ^ source.typst meta.expr.show.typst string.quoted.double.typst punctuation.definition.string.typst
#                   ^ source.typst meta.expr.show.typst string.quoted.double.typst
#                    ^ source.typst meta.expr.show.typst string.quoted.double.typst punctuation.definition.string.typst
#                     ^ source.typst meta.expr.show.typst
#                      ^ source.typst meta.expr.show.typst keyword.operator.arithmetic.typst
#                       ^ source.typst meta.expr.show.typst
#                        ^^ source.typst meta.expr.show.typst variable.other.readwrite.typst
#                          ^ source.typst meta.expr.show.typst keyword.operator.accessor.typst
#                           ^^^^^^^^ source.typst meta.expr.show.typst variable.other.readwrite.typst
#                                   ^ source.typst meta.expr.show.typst meta.expr.call.typst keyword.operator.accessor.typst
#                                    ^^^ source.typst meta.expr.show.typst meta.expr.call.typst entity.name.function.typst
#                                       ^ source.typst meta.expr.show.typst meta.expr.call.typst meta.brace.round.typst
#                                        ^ source.typst meta.expr.show.typst meta.expr.call.typst variable.parameter.typst
#                                         ^ source.typst meta.expr.show.typst meta.expr.call.typst
#                                          ^^ source.typst meta.expr.show.typst meta.expr.call.typst storage.type.function.arrow.typst
#                                            ^ source.typst meta.expr.show.typst meta.expr.call.typst
#                                             ^ source.typst meta.expr.show.typst meta.expr.call.typst variable.other.readwrite.typst
#                                              ^ source.typst meta.expr.show.typst meta.expr.call.typst keyword.operator.accessor.typst
#                                               ^^^^ source.typst meta.expr.show.typst meta.expr.call.typst variable.other.readwrite.typst
#                                                   ^ source.typst meta.expr.show.typst meta.expr.call.typst meta.brace.round.typst
#                                                    ^ source.typst meta.expr.show.typst meta.expr.call.typst keyword.operator.accessor.typst
#                                                     ^^^^ source.typst meta.expr.show.typst meta.expr.call.typst entity.name.function.typst
#                                                         ^ source.typst meta.expr.show.typst meta.expr.call.typst meta.brace.round.typst
#                                                          ^ source.typst meta.expr.show.typst meta.expr.call.typst string.quoted.double.typst punctuation.definition.string.typst
#                                                           ^^ source.typst meta.expr.show.typst meta.expr.call.typst string.quoted.double.typst
#                                                             ^ source.typst meta.expr.show.typst meta.expr.call.typst string.quoted.double.typst punctuation.definition.string.typst
#                                                              ^ source.typst meta.expr.show.typst meta.expr.call.typst meta.brace.round.typst
#                                                               ^ source.typst meta.expr.show.typst
#                                                                ^ source.typst meta.expr.show.typst keyword.operator.arithmetic.typst
#                                                                 ^ source.typst meta.expr.show.typst
#                                                                  ^ source.typst meta.expr.show.typst string.quoted.double.typst punctuation.definition.string.typst
#                                                                   ^ source.typst meta.expr.show.typst string.quoted.double.typst
#                                                                    ^ source.typst meta.expr.show.typst string.quoted.double.typst punctuation.definition.string.typst
#                                                                     ^ source.typst punctuation.terminator.statement.typst
#                                                                      ^ source.typst
#                                                                       ^ source.typst markup.content.brace.typst
#                                                                        ^ source.typst markup.content.brace.typst
>