---
source: crates/tinymist-query/src/analysis.rs
assertion_line: 662
expression: "JsonRepr::new_redacted(result, &REDACT_LOC)"
input_file: crates/tinymist-query/src/fixtures/dead_code/destructuring_spread.typ
---
{
 "s0.typ": [
  {
   "message": "unused variable: `unused_rest`\nHint: consider removing this variable or prefixing with underscore: `_unused_rest`",
   "range": "4:11:4:22",
   "severity": 2,
   "source": "typst"
  }
 ]
}
