---
source: crates/tinymist-query/src/analysis.rs
description: "Check on \")\" (82)"
expression: literal_type
input_file: crates/tinymist-query/src/fixtures/post_type_check/text_stroke.typ
---
( ⪯ "cap": Any & "dash": Any & "join": Any & "miter-limit": Any & "paint": Any & "thickness": Any & "cap": Any & "dash": Any & "join": Any & "miter-limit": Any & "paint": Any & "thickness": Any)
