---
source: crates/tinymist-query/src/analysis.rs
expression: "JsonRepr::new_redacted(result, &REDACT_LOC)"
input_file: crates/tinymist-query/src/fixtures/lint/continue_top.typ
---
{
 "s0.typ": [
  {
   "message": "`continue` statement in a non-loop context",
   "range": "0:1:0:9",
   "severity": 2,
   "source": "typst"
  }
 ]
}
