---
source: crates/tinymist-query/src/analysis.rs
expression: "JsonRepr::new_redacted(result, &REDACT_LOC)"
input_file: crates/tinymist-query/src/fixtures/lint/return_partial_if.typ
---
{
 "s0.typ": [
  {
   "code": "tinymist.unused.symbol",
   "message": "unused function: `get-op`\nHint: consider removing this function or prefixing with underscore: `_get-op`",
   "range": "0:5:0:11",
   "severity": 4,
   "source": "typst",
   "tags": [
    1
   ]
  }
 ]
}
