---
source: crates/tinymist-query/src/analysis.rs
expression: "JsonRepr::new_redacted(result, &REDACT_LOC)"
input_file: crates/tinymist-query/src/fixtures/lint/return_loop3.typ
---
{
 "s0.typ": [
  {
   "message": "unused function: `mul-mat`\nHint: consider removing this function or prefixing with underscore: `_mul-mat`",
   "range": "0:5:0:12",
   "severity": 2,
   "source": "typst"
  },
  {
   "message": "unused variable: `matrix`\nHint: consider removing this variable or prefixing with underscore: `_matrix`",
   "range": "3:6:3:12",
   "severity": 2,
   "source": "typst"
  }
 ]
}
