---
source: crates/tinymist-query/src/analysis.rs
expression: "JsonRepr::new_redacted(result, &REDACT_LOC)"
input_file: crates/tinymist-query/src/fixtures/lint/return_loop.typ
---
{
 "s0.typ": [
  {
   "message": "`return` statement in a non-function context",
   "range": "1:2:1:8",
   "severity": 2,
   "source": "typst"
  }
 ]
}
