---
source: crates/tinymist-query/src/analysis.rs
expression: "JsonRepr::new_redacted(result, &REDACT_LOC)"
input_file: crates/tinymist-query/src/fixtures/lint/show_good2.typ
---
{
 "s0.typ": [
  {
   "message": "unused function: `f`\nHint: consider removing this function or prefixing with underscore: `_f`",
   "range": "0:5:0:6",
   "severity": 2,
   "source": "typst"
  }
 ]
}
