---
source: crates/tinymist-query/src/analysis.rs
expression: "JsonRepr::new_redacted(result, &REDACT_LOC)"
input_file: crates/tinymist-query/src/fixtures/lint/discard_array.typ
---
{
 "s0.typ": [
  {
   "message": "This array is implicitly discarded by function return\nHint: consider ignoring the value explicitly using underscore: `let _ = (1, 2)`",
   "range": "1:3:1:9",
   "severity": 2,
   "source": "typst"
  }
 ]
}
