---
source: crates/tinymist-query/src/analysis.rs
expression: "JsonRepr::new_redacted(result, &REDACT_LOC)"
input_file: crates/tinymist-query/src/fixtures/lint/if_show.typ
---
{
 "s0.typ": [
  {
   "message": "This show statement doesn't take effect.\nHint: consider changing parent to `show : if (false) { .. }`",
   "range": "1:2:1:17",
   "relatedInformation": [],
   "severity": 2,
   "source": "typst"
  }
 ]
}
