---
source: crates/tinymist-query/src/analysis.rs
expression: "JsonRepr::new_redacted(result, &REDACT_LOC)"
input_file: crates/tinymist-query/src/fixtures/lint/discard_show.typ
---
{
 "s0.typ": [
  {
   "message": "This `show` expression is implicitly discarded by function return",
   "range": "1:2:1:16",
   "severity": 2,
   "source": "typst"
  }
 ]
}
