---
source: crates/tinymist-query/src/code_action.rs
assertion_line: 135
description: Code Action on $a||b/c/* rang
expression: "JsonRepr::new_redacted(result, &REDACT_LOC)"
input_file: crates/tinymist-query/src/fixtures/code_action/unknown_math_ident_frac.typ
---
[
 {
  "edit": {
   "changes": {
    "s0.typ": [
     {
      "insertTextFormat": 2,
      "newText": "\n\nlet ab",
      "range": "0:0:0:0"
     }
    ]
   }
  },
  "kind": "quickfix",
  "title": "Create missing variable"
 },
 {
  "edit": {
   "changes": {
    "s0.typ": [
     {
      "insertTextFormat": 2,
      "newText": "(a b)",
      "range": "0:1:0:3"
     }
    ]
   }
  },
  "kind": "quickfix",
  "title": "Add spaces between letters"
 },
 {
  "edit": {
   "changes": {
    "s0.typ": [
     {
      "insertTextFormat": 1,
      "newText": " ",
      "range": "0:1:0:1"
     },
     {
      "insertTextFormat": 1,
      "newText": " ",
      "range": "0:5:0:23"
     }
    ]
   }
  },
  "kind": "refactor.rewrite",
  "title": "Convert to block equation"
 },
 {
  "edit": {
   "changes": {
    "s0.typ": [
     {
      "insertTextFormat": 1,
      "newText": "\n",
      "range": "0:1:0:1"
     },
     {
      "insertTextFormat": 1,
      "newText": "\n",
      "range": "0:5:0:23"
     }
    ]
   }
  },
  "kind": "refactor.rewrite",
  "title": "Convert to multiple-line block equation"
 }
]
