---
source: crates/tinymist-query/src/completion.rs
description: Completion on / (58..59)
expression: "JsonRepr::new_pure(results)"
input_file: crates/tinymist-query/src/fixtures/pkgs/touying-utils-markup-text.typ
snapshot_kind: text
---
[
 {
  "isIncomplete": false,
  "items": [
   {
    "kind": 6,
    "label": "0",
    "sortText": "000",
    "textEdit": {
     "newText": "0",
     "range": {
      "end": {
       "character": 21,
       "line": 2
      },
      "start": {
       "character": 21,
       "line": 2
      }
     }
    }
   }
  ]
 }
]
