---
source: crates/tinymist-query/src/analysis.rs
expression: result
input_file: crates/tinymist-query/src/fixtures/expr/while_summary.typ
---
fn while_summary(cond)
  let w$1 = none
  while cond entry while$1 {
    let w$2 = if while$1 { w$3 } else { w$1 }
    let w$3 = 1
  }
  let w$4 = if while$1 { w$3 } else { w$1 }
  w$4
