---
source: crates/tinymist-query/src/folding_range.rs
expression: "JsonRepr::new_pure(json!({ \"false\": result_false, \"true\": result_true, }))"
input_file: crates/tinymist-query/src/fixtures/folding_range/paren_folding.typ
snapshot_kind: text
---
{
 "false": [
  {
   "collapsedText": "",
   "endCharacter": 1,
   "endLine": 2,
   "startCharacter": 1,
   "startLine": 0
  }
 ],
 "true": [
  {
   "collapsedText": "",
   "endLine": 2,
   "startLine": 0
  }
 ]
}
