---
source: crates/tinymist-query/src/analysis.rs
expression: "JsonRepr::new_redacted(result, &REDACT_LOC)"
input_file: crates/tinymist-query/src/fixtures/def_use/param_scope.typ
---
{
 "term@10..14@s0.typ": {
  "def": {
   "kind": {
    "Var": "Variable"
   },
   "name": "term",
   "range": "10:14"
  },
  "refs": [
   "term@18..22"
  ]
 },
 "term@5..9@s0.typ": {
  "def": {
   "kind": {
    "Var": "Function"
   },
   "name": "term",
   "range": "5:9"
  },
  "refs": [
   "term@25..29"
  ]
 }
}
