---
source: crates/tinymist-query/src/analysis.rs
expression: "JsonRepr::new_redacted(result, &REDACT_LOC)"
input_file: crates/tinymist-query/src/fixtures/def_use/base2.typ
---
{
 "y@27..28@s0.typ": {
  "def": {
   "kind": {
    "Var": "Variable"
   },
   "name": "y",
   "range": "27:28"
  },
  "refs": []
 }
}
