---
source: crates/tinymist-query/src/analysis.rs
expression: result
input_file: crates/tinymist-query/src/fixtures/type_check/loop_unknown_then_final.typ
---
"loop-unknown-then-dict" = (...: Any) => {}
"args" = Args
"out" = {}
"k" = Any
"v" = Any
=====
5..27 -> @loop-unknown-then-dict
30..34 -> @args
46..49 -> @out
52..55 -> {}
63..64 -> @k
66..67 -> @v
72..76 -> @args
72..82 -> @v"args".named
72..84 -> Apply(@v"args".named, () => any)
94..95 -> @v
131..134 -> @out
131..141 -> (Func(insert) | @v"out".insert)
131..147 -> None
142..143 -> @k
145..146 -> @v
152..153 -> @v
160..163 -> @out
