---
source: crates/tinymist-query/src/analysis.rs
expression: result
input_file: crates/tinymist-query/src/fixtures/type_check/fn_named4.typ
---
"c" = ( ⪰ (3 | {"x": 3}.x) | (3 | {"x": 3}.x))
"dict" = {"x": 3}
"foo" = (("c": Any) => Any).with(..("c": (3 | {"x": 3}.x)) => any)
"x" = (3 | {"x": 3}.x)
---
5..9 -> @dict
24..27 -> @foo
28..29 -> @c
31..35 -> (@dict | {"x": 3})
41..42 -> @c
48..49 -> @x
52..55 -> (Any | @foo)
52..57 -> (3 | @v"dict".x)
