---
source: crates/tinymist-query/src/analysis.rs
expression: result
input_file: crates/tinymist-query/src/fixtures/type_check/recursive_dispatch_deferred.typ
---
"done" = {"kind": "done", "value": Type(int)}
"forward" = {"kind": "done", "value": Type(int)}
"dispatch" = {"kind": "done", "value": Type(int)}
"" = {"kind": "done", "value": Type(int)}
"" = {"kind": "done", "value": Type(int)}
"" = {"kind": "done", "value": Type(int)}
"" = {"kind": "done", "value": Type(int)}
"" = {"kind": "done", "value": Type(int)}
"" = {"kind": "done", "value": Type(int)}
"" = {"kind": "done", "value": Type(int)}
"" = {"kind": "done", "value": Type(int)}
"" = {"kind": "done", "value": Type(int)}
"" = {"kind": "done", "value": Type(int)}
"" = {"kind": "done", "value": Type(int)}
"" = {"kind": "done", "value": Type(int)}
"" = {"kind": "done", "value": Type(int)}
"" = {"kind": "done", "value": Type(int)}
"" = {"kind": "done", "value": Type(int)}
"done" = (Any) => {"kind": "done", "value": Any}
"value" = Type(int)
"forward" = (Any, Any) => {"kind": "done", "value": Type(int)}
"handler" = (Any) => {"kind": "done", "value": Type(int)}
"value" = Type(int)
"dispatch" = (Any) => {"kind": "done", "value": Type(int)}
"value" = Type(int)
"use-zero" = {"kind": "done", "value": Type(int)}
"use-one" = {"kind": "done", "value": Type(int)}
=====
5..9 -> @done
10..15 -> @value
19..47 -> {"kind": "done", "value": @value}
41..46 -> @value
54..61 -> @forward
62..69 -> @handler
71..76 -> @value
87..92 -> @value
104..108 -> @done
104..115 -> {"kind": "done", "value": Type(int)}
109..114 -> @value
131..138 -> @handler
131..149 -> @
139..144 -> @value
162..170 -> @dispatch
171..176 -> @value
187..192 -> @value
204..208 -> @done
204..215 -> {"kind": "done", "value": Type(int)}
209..214 -> @value
228..233 -> @value
245..252 -> @forward
245..269 -> @
253..261 -> @dispatch
263..268 -> @value
285..292 -> @forward
285..313 -> @
293..301 -> @dispatch
303..308 -> @value
326..334 -> @use-zero
337..345 -> @dispatch
337..348 -> @
354..361 -> @use-one
364..372 -> @dispatch
364..375 -> @
