---
source: crates/tinymist-query/src/analysis.rs
expression: result
input_file: crates/tinymist-query/src/fixtures/type_check/infer2.typ
---
---
1..5 -> Func(text)
1..52 -> Element(text)
6..15 -> TextSize
12..15 -> TextSize
17..25 -> (TextFont | Array<TextFont>)
23..25 -> (TextFont | Array<TextFont>)
27..38 -> Stroke
35..38 -> Stroke
40..49 -> Color
46..49 -> (Color | Color)
50..52 -> Type(content)
54..58 -> Func(path)
54..82 -> Element(path)
59..68 -> Color
65..68 -> (Color | Color)
70..81 -> Stroke
78..81 -> Stroke
84..88 -> Func(line)
84..127 -> Element(line)
89..100 -> Type(angle)
96..100 -> Type(angle)
102..113 -> Type(relative length)
110..113 -> Type(relative length)
115..126 -> Stroke
123..126 -> Stroke
129..133 -> Func(rect)
129..220 -> Element(rect)
134..144 -> (Type(relative length) | Type(auto))
141..144 -> (Type(relative length) | Type(auto))
146..157 -> (Type(relative length) | Type(auto))
154..157 -> (Type(relative length) | Type(auto))
159..168 -> Color
165..168 -> (Color | Color)
170..181 -> Stroke
178..181 -> Stroke
183..194 -> Radius
191..194 -> Radius
196..206 -> Inset
203..206 -> Inset
208..219 -> Outset
216..219 -> Outset
222..229 -> Func(ellipse)
222..253 -> Element(ellipse)
230..239 -> Color
236..239 -> (Color | Color)
241..252 -> Stroke
249..252 -> Stroke
255..261 -> Func(circle)
255..285 -> Element(circle)
262..271 -> Color
268..271 -> (Color | Color)
273..284 -> Stroke
281..284 -> Stroke
287..290 -> Func(box)
287..314 -> Element(box)
291..300 -> Color
297..300 -> (Color | Color)
302..313 -> Stroke
310..313 -> Stroke
316..321 -> Func(block)
316..345 -> Element(block)
322..331 -> Color
328..331 -> (Color | Color)
333..344 -> Stroke
341..344 -> Stroke
347..352 -> Func(table)
347..439 -> Element(table)
356..365 -> Color
362..365 -> (Color | Color)
369..380 -> Stroke
377..380 -> Stroke
384..395 -> Func(table)
384..408 -> (Any | Any)
412..423 -> Func(table)
412..436 -> (Any | Any)
441..445 -> Func(text)
441..457 -> Element(text)
446..456 -> Stroke
454..456 -> Stroke
