---
source: crates/tinymist-query/src/analysis.rs
expression: result
input_file: crates/tinymist-query/src/fixtures/type_check/with.typ
---
"f" = (Any) => Any
"x" = Type(int)
"g" = ((Any) => Any).with(..(1) => any)
"x" = 1
---
5..6 -> @f
7..8 -> @x
12..13 -> @x
20..21 -> @g
24..25 -> @f
24..30 -> ((@x) => @x | @v"f".with)
24..33 -> (@f).with(..(1) => any)
40..41 -> @x
44..45 -> @g
44..47 -> 1
