---
source: crates/tinymist-query/src/analysis.rs
expression: result
input_file: crates/tinymist-query/src/fixtures/type_check/annotation_var.typ
---
"f" = Any
"mapper" = (Type(function) | (Any, Any) => Any)
"x" = Any
"x" = Any
"y" = Any
---
56..62 -> @mapper
66..67 -> @x
69..70 -> @f
75..76 -> @x
75..83 -> Any
81..82 -> @f
