---
source: crates/tinymist-query/src/analysis.rs
expression: result
input_file: crates/tinymist-query/src/fixtures/type_check/annotation_fn.typ
---
"touying-fn-wrapper" = ((( ⪯ Type(function)), "max-repetitions": ( ⪯ Type(int)), "repetitions": ( ⪯ Type(int)), ...: ( ⪯ Any)) => None).with(..("max-repetitions": None, "repetitions": None) => any)
"fn" = Any
"max-repetitions" = None
"repetitions" = None
"args" = Args
---
162..180 -> @touying-fn-wrapper
181..183 -> @fn
185..200 -> @max-repetitions
208..219 -> @repetitions
229..233 -> @args
