---
source: crates/tinymist-query/src/analysis.rs
expression: result
input_file: crates/tinymist-query/src/fixtures/type_check/recursive_dispatch_deferred.typ
---
"done" = (@value) => {"kind": "done", "value": @value}
"value" = ( ⪰ ( ⪰ Type(int) | 0 | 1) | ( ⪰ 0 | ( ⪰ Type(int) | 0 | 1) | TypeBinary { operands: (( ⪰ Type(int) | 0 | 1), 1), op: Sub }))
"forward" = (@handler, @value) => IfTy { cond: TypeBinary { operands: (@value, 0), op: Eq }, then: {"kind": "done", "value": @value}, else_: Any }
"handler" = (@value) => IfTy { cond: TypeBinary { operands: (@value, 0), op: Eq }, then: {"kind": "done", "value": @value}, else_: IfTy { cond: TypeBinary { operands: (@value, 1), op: Eq }, then: IfTy { cond: TypeBinary { operands: (@value, 0), op: Eq }, then: {"kind": "done", "value": @value}, else_: Any }, else_: IfTy { cond: TypeBinary { operands: (TypeBinary { operands: (@value, 1), op: Sub }, 0), op: Eq }, then: {"kind": "done", "value": TypeBinary { operands: (@value, 1), op: Sub }}, else_: Any } } }
"value" = ( ⪰ 0 | ( ⪰ Type(int) | 0 | 1) | TypeBinary { operands: (( ⪰ Type(int) | 0 | 1), 1), op: Sub })
"dispatch" = (@value) => IfTy { cond: TypeBinary { operands: (@value, 0), op: Eq }, then: {"kind": "done", "value": @value}, else_: IfTy { cond: TypeBinary { operands: (@value, 1), op: Eq }, then: IfTy { cond: TypeBinary { operands: (@value, 0), op: Eq }, then: {"kind": "done", "value": @value}, else_: Any }, else_: IfTy { cond: TypeBinary { operands: (TypeBinary { operands: (@value, 1), op: Sub }, 0), op: Eq }, then: {"kind": "done", "value": TypeBinary { operands: (@value, 1), op: Sub }}, else_: Any } } }
"value" = ( ⪰ Type(int) | 0 | 1)
"use-zero" = IfTy { cond: TypeBinary { operands: (0, 0), op: Eq }, then: {"kind": "done", "value": 0}, else_: IfTy { cond: TypeBinary { operands: (0, 1), op: Eq }, then: IfTy { cond: TypeBinary { operands: (0, 0), op: Eq }, then: {"kind": "done", "value": 0}, else_: Any }, else_: IfTy { cond: TypeBinary { operands: (TypeBinary { operands: (0, 1), op: Sub }, 0), op: Eq }, then: {"kind": "done", "value": TypeBinary { operands: (0, 1), op: Sub }}, else_: Any } } }
"use-one" = IfTy { cond: TypeBinary { operands: (1, 0), op: Eq }, then: {"kind": "done", "value": 1}, else_: IfTy { cond: TypeBinary { operands: (1, 1), op: Eq }, then: IfTy { cond: TypeBinary { operands: (1, 0), op: Eq }, then: {"kind": "done", "value": 1}, else_: Any }, else_: IfTy { cond: TypeBinary { operands: (TypeBinary { operands: (1, 1), op: Sub }, 0), op: Eq }, then: {"kind": "done", "value": TypeBinary { operands: (1, 1), op: Sub }}, else_: Any } } }
=====
5..9 -> @done
10..15 -> @value
19..47 -> {"kind": "done", "value": @value}
41..46 -> @value
54..61 -> @forward
62..69 -> @handler
71..76 -> @value
87..92 -> @value
104..108 -> @done
104..115 -> {"kind": "done", "value": @value}
109..114 -> @value
131..138 -> @handler
131..149 -> Any
139..144 -> @value
162..170 -> @dispatch
171..176 -> @value
187..192 -> @value
204..208 -> @done
204..215 -> {"kind": "done", "value": @value}
209..214 -> @value
228..233 -> @value
245..252 -> @forward
245..269 -> IfTy { cond: TypeBinary { operands: (@value, 0), op: Eq }, then: {"kind": "done", "value": @value}, else_: Any }
253..261 -> @dispatch
263..268 -> @value
285..292 -> @forward
285..313 -> IfTy { cond: TypeBinary { operands: (TypeBinary { operands: (@value, 1), op: Sub }, 0), op: Eq }, then: {"kind": "done", "value": TypeBinary { operands: (@value, 1), op: Sub }}, else_: Any }
293..301 -> @dispatch
303..308 -> @value
326..334 -> @use-zero
337..345 -> @dispatch
337..348 -> IfTy { cond: TypeBinary { operands: (0, 0), op: Eq }, then: {"kind": "done", "value": 0}, else_: IfTy { cond: TypeBinary { operands: (0, 1), op: Eq }, then: IfTy { cond: TypeBinary { operands: (0, 0), op: Eq }, then: {"kind": "done", "value": 0}, else_: Any }, else_: IfTy { cond: TypeBinary { operands: (TypeBinary { operands: (0, 1), op: Sub }, 0), op: Eq }, then: {"kind": "done", "value": TypeBinary { operands: (0, 1), op: Sub }}, else_: Any } } }
354..361 -> @use-one
364..372 -> @dispatch
364..375 -> IfTy { cond: TypeBinary { operands: (1, 0), op: Eq }, then: {"kind": "done", "value": 1}, else_: IfTy { cond: TypeBinary { operands: (1, 1), op: Eq }, then: IfTy { cond: TypeBinary { operands: (1, 0), op: Eq }, then: {"kind": "done", "value": 1}, else_: Any }, else_: IfTy { cond: TypeBinary { operands: (TypeBinary { operands: (1, 1), op: Sub }, 0), op: Eq }, then: {"kind": "done", "value": TypeBinary { operands: (1, 1), op: Sub }}, else_: Any } } }
