---
source: crates/tinymist-query/src/analysis.rs
expression: result
input_file: crates/tinymist-query/src/fixtures/type_check/text_font.typ
---
"x" = "Test"
"y" = ("Test", )
---
1..5 -> Func(text)
1..21 -> Element(text)
6..18 -> (TextFont | Array<TextFont>)
12..18 -> (TextFont | Array<TextFont>)
19..21 -> Type(content)
23..27 -> Func(text)
23..39 -> Element(text)
28..36 -> (TextFont | Array<TextFont>)
34..36 -> (TextFont | Array<TextFont>)
37..39 -> Type(content)
41..45 -> Func(text)
41..64 -> Element(text)
46..61 -> (TextFont | Array<TextFont>)
52..61 -> (TextFont | Array<TextFont>)
62..64 -> Type(content)
70..71 -> @x
82..86 -> Func(text)
82..97 -> Element(text)
87..94 -> (TextFont | Array<TextFont>)
93..94 -> (TextFont | Array<TextFont>)
95..97 -> Type(content)
103..104 -> @y
118..122 -> Func(text)
118..133 -> Element(text)
123..130 -> (TextFont | Array<TextFont>)
129..130 -> (TextFont | Array<TextFont>)
131..133 -> Type(content)
