---
source: crates/tinymist-query/src/hover.rs
expression: "JsonRepr::new_redacted(result, &REDACT_LOC)"
input_file: crates/tinymist-query/src/fixtures/hover/pagebreak.typ
---
{
 "contents": "```typc\nlet pagebreak(\n  to: none | str = none,\n  weak: bool = false,\n);\n```\n\n---\nA manual page break.\n\nMust not be used inside any containers.\n\n# Example\n```typ\nThe next page contains\nmore details on compound theory.\n#pagebreak()\n\n== Compound Theory\nIn 1984, the first ...\n```\n\n## Parameters\n\n@named `to` — If given, ensures that the next page will be an even/odd page, with an\nempty page in between if necessary.\n\n```typ\n#set page(height: 30pt)\n\nFirst.\n#pagebreak(to: \"odd\")\nThird.\n```\n\n@named `weak` — If `true`, the page break is skipped if the current page is already\nempty.\n\n---\n[Open docs](https://typst.app/docs/reference/layout/pagebreak/)",
 "range": "0:20:0:29"
}
