---
source: crates/tinymist-query/src/hover.rs
expression: content
input_file: crates/tinymist-query/src/fixtures/hover/pagebreak.typ
---
Range: 0:20:0:29

```typc
let pagebreak(
  to: none | str = none,
  weak: bool = false,
);
```


======


A manual page break.

Must not be used inside any containers.

# Example
```typ
The next page contains
more details on compound theory.
#pagebreak()

== Compound Theory
In 1984, the first ...
```


======


A manual page break.

Must not be used inside any containers.

# Example
```typ
The next page contains
more details on compound theory.
#pagebreak()

== Compound Theory
In 1984, the first ...
```

# Named Parameters

## to

```typc
type: "even" | "odd" | none
```



## weak (named)

```typc
type: bool
```




======


[Open docs](https://typst.app/docs/reference/layout/pagebreak/)
