---
source: crates/tinymist-query/src/hover.rs
expression: "JsonRepr::new_redacted(result, &REDACT_LOC)"
input_file: crates/tinymist-query/src/fixtures/hover/render_equation.typ
---
{
 "contents": "```typc\nlet lam(\n  A: any,\n  B: any,\n) = dictionary;\n```\n\n---\n\nLambda constructor.\n\nTyping Rule:\n\n<img alt=\"typst-block\" src=\"data:image-hash/svg+xml;base64,redacted\" />\n\n- <!-- typlite:begin:list-item 0 -->A (type): The type of the argument.\n  \n  - <!-- typlite:begin:list-item 0 -->It can be also regarded as the condition of the proposition.<!-- typlite:end:list-item 0 -->\n  \n  <!-- typlite:end:list-item 0 -->\n- <!-- typlite:begin:list-item 0 -->B (type): The type of the body.\n  \n  - <!-- typlite:begin:list-item 0 -->It can be also regarded as the conclusion of the proposition.<!-- typlite:end:list-item 0 -->\n  \n  <!-- typlite:end:list-item 0 -->\n\n# Positional Parameters\n\n## A\n\n```typc\ntype: \n```\n\n\n\n## B (positional)\n\n```typc\ntype: \n```\n\n",
 "range": "12:20:12:23"
}
