---
source: crates/tinymist-query/src/hover.rs
expression: "JsonRepr::new_redacted(result, &REDACT_LOC)"
input_file: crates/tinymist-query/src/fixtures/hover/pagebreak.typ
---
{
 "contents": "```typc\nlet pagebreak(to: \"even\" | \"odd\" | none, weak: bool);\n```\n\n---\n\n\nA manual page break.\n\nMust not be used inside any containers.\n\n# Example\n```typ\nThe next page contains\nmore details on compound theory.\n#pagebreak()\n\n== Compound Theory\nIn 1984, the first ...\n```\n\n---\n[Open docs](https://typst.app/docs/reference/layout/pagebreak/)",
 "range": "0:20:0:29"
}
