---
source: crates/tinymist-query/src/hover.rs
expression: content
input_file: crates/tinymist-query/src/fixtures/hover/annotate_dict_param2.typ
---
Range: 6:21:6:36

```typc
let inherited-scope = dictionary;
```


======


Definitions that are made available to the entire parsed module. This parameter is only used internally.
