---
source: crates/tinymist-query/src/hover.rs
expression: "JsonRepr::new_redacted(result, &REDACT_LOC)"
input_file: crates/tinymist-query/src/fixtures/hover/render_equation_no_html.typ
snapshot_kind: text
---
{
 "contents": "```typc\nlet lam(\n  A: type,\n  B: type,\n) = dictionary;\n```\n\n---\n\nLambda constructor.\n\nTyping Rule:\n\nΓ,x:A⊢M:BΓ⊢a:BΓ⊢λ(x:A)→M:π(x:A)→B\n\n# Positional Parameters\n\n## A\n\n```typc\ntype: type\n```\n\n\n\n## B (positional)\n\n```typc\ntype: type\n```\n\n",
 "range": "14:20:14:23"
}
