>"#spec_char.d8." For example
#^ source.typst
# ^ source.typst variable.other.readwrite.hash.typst
#  ^^^^^^^^^ source.typst variable.other.readwrite.typst
#           ^ source.typst keyword.operator.accessor.typst
#            ^^ source.typst variable.other.readwrite.typst
#              ^^^^^^^^^^^^^^^ source.typst
>"#spec_char.d8.a" For example
#^ source.typst
# ^ source.typst variable.other.readwrite.hash.typst
#  ^^^^^^^^^ source.typst variable.other.readwrite.typst
#           ^ source.typst keyword.operator.accessor.typst
#            ^^ source.typst variable.other.readwrite.typst
#              ^ source.typst keyword.operator.accessor.typst
#               ^ source.typst variable.other.readwrite.typst
#                ^^^^^^^^^^^^^^ source.typst
>