> by #text(fill: rgb("#3c9123"), "server") and #text(fill: blue, "browser"), there would be a data flow like this:
#^^^^ source.typst
#    ^ source.typst punctuation.definition.hash.typst
#     ^^^^ source.typst entity.name.function.typst
#         ^ source.typst meta.brace.round.typst
#          ^^^^ source.typst entity.other.interpolated.typst
#              ^ source.typst punctuation.separator.colon.typst
#               ^ source.typst
#                ^^^ source.typst entity.name.function.typst
#                   ^ source.typst meta.brace.round.typst
#                    ^ source.typst string.quoted.double.typst punctuation.definition.string.typst
#                     ^^^^^^^ source.typst string.quoted.double.typst
#                            ^ source.typst string.quoted.double.typst punctuation.definition.string.typst
#                             ^ source.typst meta.brace.round.typst
#                              ^ source.typst punctuation.separator.comma.typst
#                               ^ source.typst
#                                ^ source.typst string.quoted.double.typst punctuation.definition.string.typst
#                                 ^^^^^^ source.typst string.quoted.double.typst
#                                       ^ source.typst string.quoted.double.typst punctuation.definition.string.typst
#                                        ^ source.typst meta.brace.round.typst
#                                         ^ source.typst
#                                          ^^^^ source.typst
#                                              ^ source.typst punctuation.definition.hash.typst
#                                               ^^^^ source.typst entity.name.function.typst
#                                                   ^ source.typst meta.brace.round.typst
#                                                    ^^^^ source.typst entity.other.interpolated.typst
#                                                        ^ source.typst punctuation.separator.colon.typst
#                                                         ^ source.typst
#                                                          ^^^^ source.typst entity.other.interpolated.typst
#                                                              ^ source.typst punctuation.separator.comma.typst
#                                                               ^ source.typst
#                                                                ^ source.typst string.quoted.double.typst punctuation.definition.string.typst
#                                                                 ^^^^^^^ source.typst string.quoted.double.typst
#                                                                        ^ source.typst string.quoted.double.typst punctuation.definition.string.typst
#                                                                         ^ source.typst meta.brace.round.typst
#                                                                          ^ source.typst
#                                                                           ^ source.typst
#                                                                            ^^^^^^^^^^^^^^^^^^^^^^^^^^^^^^^^^^^^^^ source.typst