---
source: crates/tinymist-query/src/analysis.rs
expression: CallSnapshot(result.as_deref())
input_file: crates/tinymist-query/src/fixtures/call_info/builtin.typ
---
1 -> CallParamInfo { kind: Positional, is_content_block: false, param: ParamSpecShort { name: "angle", offset: 0, attr: ParamAttrs { positional: true, named: false, variadic: false, settable: false } } }
