---
source: crates/tinymist-query/src/analysis.rs
expression: CallSnapshot(result.as_deref())
input_file: crates/tinymist-query/src/fixtures/call_info/user_with.typ
---
1 -> CallParamInfo { kind: Positional, is_content_block: false, param: ParamSpec { name: "y", docs: "", base_type: Any, type_repr: None, expr: None, default: None, positional: true, named: false, variadic: false, settable: false } }
