---
source: crates/tinymist-query/src/code_action.rs
assertion_line: 180
description: Dead code code actions in /dummy-root/s0.typ
expression: "JsonRepr::new_pure(ordered_entries)"
input_file: crates/tinymist-query/src/fixtures/dead_code/conditional_usage.typ
---
[
 {
  "actions": [
   {
    "edit": {
     "changes": {
      "s0.typ": [
       {
        "insertTextFormat": 1,
        "newText": "_unused",
        "range": "4:5:4:11"
       }
      ]
     }
    },
    "kind": "quickfix",
    "title": "Prefix `_` to `unused`"
   },
   {
    "edit": {
     "changes": {
      "s0.typ": [
       {
        "insertTextFormat": 1,
        "newText": "_",
        "range": "4:5:4:11"
       }
      ]
     }
    },
    "kind": "quickfix",
    "title": "Replace with `_`"
   },
   {
    "edit": {
     "changes": {
      "s0.typ": [
       {
        "insertTextFormat": 1,
        "newText": "",
        "range": "4:1:5:0"
       }
      ]
     }
    },
    "kind": "quickfix",
    "title": "Remove unused declaration"
   }
  ],
  "message": "unused variable: `unused`\nHint: consider removing this variable or prefixing with underscore: `_unused`",
  "range": "4:5:4:11"
 }
]
