---
source: crates/tinymist-query/src/code_action.rs
description: Dead code code actions in /dummy-root/s0.typ
expression: "JsonRepr::new_pure(ordered_entries)"
input_file: crates/tinymist-query/src/fixtures/dead_code/method_chain.typ
---
[
 {
  "actions": [
   {
    "edit": {
     "changes": {
      "s0.typ": [
       {
        "insertTextFormat": 1,
        "newText": "_unused_obj",
        "range": "8:5:8:15"
       }
      ]
     }
    },
    "kind": "quickfix",
    "title": "Prefix `_` to `unused_obj`"
   },
   {
    "edit": {
     "changes": {
      "s0.typ": [
       {
        "insertTextFormat": 1,
        "newText": "_",
        "range": "8:5:8:15"
       }
      ]
     }
    },
    "kind": "quickfix",
    "title": "Replace with `_`"
   },
   {
    "edit": {
     "changes": {
      "s0.typ": [
       {
        "insertTextFormat": 1,
        "newText": "",
        "range": "8:0:9:0"
       }
      ]
     }
    },
    "kind": "quickfix",
    "title": "Remove unused declaration"
   }
  ],
  "message": "unused variable: `unused_obj`\nHint: consider removing this variable or prefixing with underscore: `_unused_obj`",
  "range": "8:5:8:15"
 }
]
