---
source: crates/tinymist-query/src/analysis.rs
expression: "snap.join(\"\\n\")"
input_file: crates/tinymist-query/src/fixtures/docs/multiple_line.typ
---
= docstings
Pattern(..)@45..46 in /s0.typ -> DocString { docs: Some("This is X. Note: this is not Y."), var_bounds: {}, vars: {}, res_ty: None }
