---
source: crates/typlite/src/tests.rs
expression: "conv(world, true)"
input_file: crates/typlite/src/fixtures/docs/tidy.typ
---
failed to convert to markdown: convert source for main file: [SourceDiagnostic { severity: Error, span: Span(850330829973706), message: "expected string, found none", trace: [Call(Some("md-raw")), Show("raw")], hints: [] }, SourceDiagnostic { severity: Error, span: Span(303940673753821), message: "label `<>` does not exist in the document", trace: [], hints: [] }, SourceDiagnostic { severity: Error, span: Span(304891602729193), message: "label `<show-module>` does not exist in the document", trace: [], hints: [] }]
