---
source: crates/tinymist-query/src/analysis.rs
expression: "snap.join(\"\\n\")"
input_file: crates/tinymist-query/src/fixtures/expr_of/import_alias_both.typ
---
= resolves
Ident("base")@8..18 in \s0.typ -> Def(Module), val: None
Ident("base")@20..24 in \s0.typ -> Ident("base")@8..18 in \s0.typ, val: None
Ident("base")@62..66 in \s0.typ -> Ident("base")@8..18 in \s0.typ, val: None
Ident("foo")@47..50 in \s0.typ -> Def(Module), val: None
Ident("foo")@57..60 in \s0.typ -> Ident("x")@52..53 in \s0.typ, val: None
Ident("foo")@69..72 in \s0.typ -> Select(SelectExpr { lhs: Decl(Ident("foo")), key: Ident("x") }), val: None
Ident("x")@52..53 in \s0.typ -> Select(SelectExpr { lhs: Decl(Ident("foo")), key: Ident("x") }), val: None
= exports
base -> Ident("base")@8..18 in \s0.typ
foo -> Select(SelectExpr { lhs: Decl(Ident("foo")), key: Ident("x") })
