---
source: crates/tinymist-query/src/goto_definition.rs
expression: "JsonRepr::new_redacted(result, &REDACT_LOC)"
input_file: crates/tinymist-query/src/fixtures/goto_definition/label_indir2.typ
---
[
 {
  "originSelectionRange": "8:21:8:31",
  "targetRange": "7:16:7:27",
  "targetSelectionRange": "7:16:7:27",
  "targetUri": "s0.typ"
 }
]
