---
source: crates/tinymist-query/src/goto_definition.rs
expression: "JsonRepr::new_redacted(result, &REDACT_LOC)"
input_file: crates/tinymist-query/src/fixtures/goto_definition/at_def.typ
snapshot_kind: text
---
[
 {
  "originSelectionRange": "0:23:0:24",
  "targetRange": "0:23:0:24",
  "targetSelectionRange": "0:23:0:24",
  "targetUri": "s0.typ"
 }
]
