---
source: crates/typlite/src/tests.rs
expression: "conv(world, false)"
input_file: crates/typlite/src/fixtures/integration/math_inline.typ
---
<picture><source media="(prefers-color-scheme: dark)" srcset="data:image-hash/svg+xml;base64,redacted"><img style="vertical-align: -0.35em" alt="typst-block" src="data:image-hash/svg+xml;base64,redacted" /></picture>
