---
source: crates/typlite/src/tests.rs
expression: "conv(world, false)"
input_file: crates/typlite/src/fixtures/integration/figure_image.typ
snapshot_kind: text
---
<!DOCTYPE html>
<html>
  <head>
    <meta charset="utf-8">
    <meta name="viewport" content="width=device-width, initial-scale=1">
  </head>
  <body><m1document><figure><m1image src="./fig.svg" alt=""></m1image><m1parbreak></m1parbreak></figure></m1document></body>
</html>

=====
![](./fig.svg)
