---
source: crates/typlite/src/tests.rs
expression: "conv(world, false)"
input_file: crates/typlite/src/fixtures/integration/math_block.typ
snapshot_kind: text
---
<!DOCTYPE html>
<html>
  <head>
    <meta charset="utf-8">
    <meta name="viewport" content="width=device-width, initial-scale=1">
  </head>
  <body><m1document><m1eqblock>redacted-frame</m1eqblock></m1document></body>
</html>

=====
<img alt="typst-block" src="data:image-hash/svg+xml;base64,redacted" />
