---
source: crates/typlite/src/tests.rs
expression: "conv(world, ConvKind::LaTeX)"
input_file: crates/typlite/src/fixtures/integration/enum.typ
---
<!DOCTYPE html>
<html>
  <head>
    <meta charset="utf-8">
    <meta name="viewport" content="width=device-width, initial-scale=1">
  </head>
  <body><m1document><m1enum reversed start="auto" tight="true"><m1item value>A</m1item><m1item value>B</m1item></m1enum></m1document></body>
</html>

=====
\begin{enumerate}
\item A
\item B
\end{enumerate}
