---
source: crates/typlite/src/tests.rs
expression: "conv(world, false)"
input_file: crates/typlite/src/fixtures/integration/enum2.typ
snapshot_kind: text
---
<!DOCTYPE html>
<html>
  <head>
    <meta charset="utf-8">
    <meta name="viewport" content="width=device-width, initial-scale=1">
  </head>
  <body><m1document><ol><li value="2">A</li><li>B</li></ol></m1document></body>
</html>

=====
1. A
2. B
