---
source: crates/typlite/src/tests.rs
expression: "conv(world, ConvKind::Md { for_docs: false })"
input_file: crates/typlite/src/fixtures/integration/issue-1845.typ
---
<!DOCTYPE html>
<html>
  <head>
    <meta charset="utf-8">
    <meta name="viewport" content="width=device-width, initial-scale=1">
  </head>
  <body><m1document><m1grid><m1table><table><tr><td>Header</td><td>Row</td></tr><tr><td><m1raw lang block="true" text="Code line 1
Code line 2"><pre><code><p>Code line 1</p><m1linebreak></m1linebreak><p>Code line 2</p></code></pre></m1raw></td><td>Regular text</td></tr></table></m1table></m1grid></m1document></body>
</html>

=====
<table>
<tr>
<td>
Header
</td><td>
Row
</td>
</tr><tr>
<td>
<pre><code>Code line 1
Code line 2</code></pre>

</td><td>
Regular text
</td>
</tr>
</table>
